      -----------------------------------------------------------      
     |                   =====================                   |     
     |                           x T B                           |     
     |                   =====================                   |     
     |                         S. Grimme                         |     
     |          Mulliken Center for Theoretical Chemistry        |     
     |                    University of Bonn                     |     
      -----------------------------------------------------------      

   * xtb version 6.2.3 (830e466) compiled by 'ehlert@majestix' on 2020-03-16

   xtb is free software: you can redistribute it and/or modify it under
   the terms of the GNU Lesser General Public License as published by
   the Free Software Foundation, either version 3 of the License, or
   (at your option) any later version.
   
   xtb is distributed in the hope that it will be useful,
   but WITHOUT ANY WARRANTY; without even the implied warranty of
   MERCHANTABILITY or FITNESS FOR A PARTICULAR PURPOSE.  See the
   GNU Lesser General Public License for more details.
   
   Cite this work as:
   * S. Grimme, C. Bannwarth, P. Shushkov, J. Chem. Theory Comput., 2017,
     13, 1989-2009. DOI: 10.1021/acs.jctc.7b00118
   * C. Bannwarth, S. Ehlert and S. Grimme., J. Chem. Theory Comput., 2019,
     15, 1652-1671. DOI: 10.1021/acs.jctc.8b01176
   * P. Pracht, E. Caldeweyher, S. Ehlert, S. Grimme, ChemRxiv, 2019, preprint.
     DOI: 10.26434/chemrxiv.8326202.v1
   
   for DFT-D4:
   * E. Caldeweyher, C. Bannwarth and S. Grimme, J. Chem. Phys., 2017,
     147, 034112. DOI: 10.1063/1.4993215
   * E. Caldeweyher, S. Ehlert, A. Hansen, H. Neugebauer, S. Spicher,
     C. Bannwarth and S. Grimme, J. Chem. Phys., 2019, 150, 154122.
     DOI: 10.1063/1.5090222
   
   for sTDA-xTB:
   * S. Grimme and C. Bannwarth, J. Chem. Phys., 2016, 145, 054103.
     DOI: 10.1063/1.4959605
   
   in the mass-spec context:
   * V. Asgeirsson, C. Bauer and S. Grimme, Chem. Sci., 2017, 8, 4879.
     DOI: 10.1039/c7sc00601b
   
   for metadynamics refer to:
   * S. Grimme, J. Chem. Theory Comput., 2019, 155, 2847-2862
     DOI: 10.1021/acs.jctc.9b00143
   
   with help from (in alphabetical order)
   C. Bannwarth, F. Bohle, G. Brandenburg, E. Caldeweyher, M. Checinski,
   S. Dohm, S. Ehlert, S. Ehrlich, F. MÃ¤rz, H. Neugebauer, J. Pisarek,
   P. Pracht, P. Shushkov, and S. Spicher.
   
 * started run on 2020/04/20 at 13:24:05.286     

           -------------------------------------------------
          |                Calculation Setup                |
           -------------------------------------------------

          program call               : /home/tom/.local/bin/xtb methane_sp_xtb.xyz --chrg 0
          coordinate file            : methane_sp_xtb.xyz
          omp threads                :                     1
          number of atoms            :                     5
          number of electrons        :                     8
          charge                     :                     0
          spin                       :                   0.0
          first test random number   :      0.61277590230384

########################################################################
[WARNING] Please study the warnings concerning your input carefully
-2- prog_main: XTBPATH is not set, using XTBHOME instead
-1- prog_main: XTBHOME is not set, using HOME instead
########################################################################
           ------------------------------------------------- 
          |                 G F N 2 - x T B                 |
          | Geometry, Frequencies, Noncovalent interactions |
          |            JCTC 2019 parametrisation            |
           ------------------------------------------------- 
             k(s)              :                1.8500
             k(p)              :                2.2300
             k(d)              :                2.2300
             k(f)              :                2.0000
             kEN (H0ij)        :               -2.0000
             D4 a1             :                0.5200
             D4 a2             :                5.0000
             D4 s6             :                1.0000
             D4 s8             :                2.7000
             D4 s9             :                5.0000
             alphaj            :                2.0000

  Z AO/shell   Hii/eV     exponent
  1     Wed Apr 25 08:07:45 CEST 2018   EN: 2.200 GM2: 0.406  GM3: 0.0800  RAES: 1.40
     1s    -10.707211    1.230000
  6     Wed Apr 25 08:07:45 CEST 2018   EN: 2.550 GM2: 0.538  GM3: 0.1500  RAES: 3.00
     2s    -13.970922    2.096432
     2p    -10.063292    1.800000

           ------------------------------------------------- 
          |        Self-Consistent Charge Iterations        |
           ------------------------------------------------- 

          ...................................................
          :                      SETUP                      :
          :.................................................:
          :  # basis functions                   8          :
          :  # atomic orbitals                   8          :
          :  # shells                            6          :
          :  # electrons                         8          :
          :  max. iterations                   250          :
          :  Hamiltonian                  GFN2-xTB          :
          :  restarted?                      false          :
          :  GBSA solvation                  false          :
          :  PC potential                    false          :
          :  electronic temp.          300.0000000     K    :
          :  accuracy                    1.0000000          :
          :  -> integral cutoff          0.2500000E+02      :
          :  -> integral neglect         0.1000000E-07      :
          :  -> SCF convergence          0.1000000E-05 Eh   :
          :  -> wf. convergence          0.1000000E-03 e    :
          :  Broyden damping             0.4000000          :
          ...................................................

 iter      E             dE          RMSdq      gap      omega  full diag
   1     -4.2227353 -0.422274E+01  0.248E+00   16.67       0.0  T
   2     -4.2362500 -0.135148E-01  0.910E-01   16.49       1.0  T
   3     -4.2363860 -0.135977E-03  0.504E-01   16.39       1.0  T
   4     -4.2364363 -0.502795E-04  0.993E-02   16.27       1.0  T
   5     -4.2364363 -0.455964E-08  0.518E-03   16.27       8.6  T
   6     -4.2364364 -0.723751E-07  0.209E-04   16.27     214.3  T
   7     -4.2364364 -0.396678E-10  0.126E-04   16.27     354.9  T

   *** convergence criteria satisfied after 7 iterations ***

         #    Occupation            Energy/Eh            Energy/eV
      -------------------------------------------------------------
         1        2.0000           -0.5785890             -15.7442
         2        2.0000           -0.4688194             -12.7572
         3        2.0000           -0.4677631             -12.7285
         4        2.0000           -0.4612206             -12.5505 (HOMO)
         5                          0.1366698               3.7190 (LUMO)
         6                          0.1791901               4.8760
         7                          0.2087515               5.6804
         8                          0.2141079               5.8262
      -------------------------------------------------------------
                  HL-Gap            0.5978904 Eh           16.2694 eV
             Fermi-level           -0.1622754 Eh           -4.4157 eV

 SCC (total)                   0 d,  0 h,  0 min,  0.027 sec
 SCC setup                      ...        0 min,  0.003 sec ( 12.597%)
 Dispersion                     ...        0 min,  0.001 sec (  4.013%)
 integral evaluation            ...        0 min,  0.003 sec ( 11.358%)
 zeroth order Hamiltonian       ...        0 min,  0.000 sec (  0.273%)
 iterations                     ...        0 min,  0.016 sec ( 60.861%)
 molecular gradient             ...        0 min,  0.002 sec (  5.790%)
 printout                       ...        0 min,  0.001 sec (  4.425%)

         :::::::::::::::::::::::::::::::::::::::::::::::::::::
         ::                     SUMMARY                     ::
         :::::::::::::::::::::::::::::::::::::::::::::::::::::
         :: total energy              -4.173842879099 Eh    ::
         :: gradient norm              0.026041679936 Eh/a0 ::
         :: HOMO-LUMO gap             16.269426684181 eV    ::
         ::.................................................::
         :: SCC energy                -4.236436376949 Eh    ::
         :: -> isotropic ES            0.001892891155 Eh    ::
         :: -> anisotropic ES          0.002695780679 Eh    ::
         :: -> anisotropic XC          0.004063204560 Eh    ::
         :: -> dispersion             -0.000663969482 Eh    ::
         :: repulsion energy           0.062593499746 Eh    ::
         :: add. restraining           0.000000000000 Eh    ::
         :::::::::::::::::::::::::::::::::::::::::::::::::::::

           -------------------------------------------------
          |                Property Printout                |
           -------------------------------------------------

    * Orbital Energies and Occupations

         #    Occupation            Energy/Eh            Energy/eV
      -------------------------------------------------------------
         1        2.0000           -0.5785890             -15.7442
         2        2.0000           -0.4688194             -12.7572
         3        2.0000           -0.4677631             -12.7285
         4        2.0000           -0.4612206             -12.5505 (HOMO)
         5                          0.1366698               3.7190 (LUMO)
         6                          0.1791901               4.8760
         7                          0.2087515               5.6804
         8                          0.2141079               5.8262
      -------------------------------------------------------------
                  HL-Gap            0.5978904 Eh           16.2694 eV
             Fermi-level           -0.1622754 Eh           -4.4157 eV

     #   Z        covCN         q      C6AA      Î±(0)
     1   6 C      3.692    -0.149    23.580     6.948
     2   1 H      0.923     0.037     2.484     2.465
     3   1 H      0.923     0.037     2.488     2.467
     4   1 H      0.923     0.037     2.489     2.467
     5   1 H      0.923     0.038     2.481     2.463

 Mol. C6AA /auÂ·bohrâ¶  :        124.230192
 Mol. C8AA /auÂ·bohrâ¸  :       2301.057082
 Mol. Î±(0) /au        :         16.810754


Wiberg/Mayer (AO) data.
largest (>0.10) Wiberg bond orders for each atom
          total WBO             WBO to atom ...
     1  C   3.994        H    4 0.999    H    5 0.999    H    3 0.998    H    2 0.998
     2  H   0.999        C    1 0.998
     3  H   0.999        C    1 0.998
     4  H   0.999        C    1 0.999
     5  H   0.999        C    1 0.999

molecular dipole:
                 x           y           z       tot (Debye)
 q only:        0.000      -0.001      -0.001
   full:       -0.001      -0.002      -0.004       0.011
molecular quadrupole (traceless):
                xx          xy          yy          xz          yz          zz
 q only:        0.012       0.003      -0.002      -0.003      -0.016      -0.011
  q+dip:        0.108       0.038      -0.016      -0.015      -0.141      -0.092
   full:        0.067       0.022      -0.010      -0.009      -0.087      -0.057


           -------------------------------------------------
          | TOTAL ENERGY               -4.173842879099 Eh   |
          | GRADIENT NORM               0.026041679936 Eh/Î± |
          | HOMO-LUMO GAP              16.269426684181 eV   |
           -------------------------------------------------

------------------------------------------------------------------------
 * finished run on 2020/04/20 at 13:24:05.363     
------------------------------------------------------------------------
 total:
 * wall-time:     0 d,  0 h,  0 min,  0.075 sec
 *  cpu-time:     0 d,  0 h,  0 min,  0.019 sec
 * ratio c/w:     0.251 speedup
 SCF:
 * wall-time:     0 d,  0 h,  0 min,  0.029 sec
 *  cpu-time:     0 d,  0 h,  0 min,  0.009 sec
 * ratio c/w:     0.308 speedup

